// Jest Snapshot v1, https://goo.gl/fbAQLP

exports[`Unit Test for Text Component component should be return text 1`] = `
<p>
  testing text
</p>
`;
